// Jest Snapshot v1, https://goo.gl/fbAQLP

exports[`<Main /> should render the heading 1`] = `
<main
  class="styles__Wrapper-sc-29jell-0 jYeQyP"
>
  <img
    alt="Imagem de um átomo e React avançado escrito ao lado"
    class="styles__Logo-sc-29jell-1 duFzng"
    src="/img/logo.svg"
  />
  <h1
    class="styles__Title-sc-29jell-2 dCzMba"
  >
    React Avançado
  </h1>
  <h2
    class="styles__Description-sc-29jell-3 fkklDp"
  >
    TypeScript, ReactJS, NextJS e Styled Components
  </h2>
  <img
    alt="Um desenvolvedor de frente para uma tela com código"
    class="styles__Illustration-sc-29jell-4 bzeUmI"
    src="/img/hero-illustration.svg"
  />
</main>
`
